Loaded configuration from: C:\Users\NValentine\device-scope-dashboard-v2\config.json
WARNING: LogsFolder from config not found: C:\apps\device-scope-dashboard-v2\logs. Using fallback.
Key Vault configuration detected. Preparing Az modules and authenticating...
Installing missing module: Az.Accounts
Installing missing module: Az.KeyVault
Connecting to Azure using certificate thumbprint d933e750a76acaa9da82ceb06a230a89c9898fac
WARNING: Azure authentication or Key Vault retrieval failed: No certificate was found in the certificate store 
with thumbprint d933e750a76acaa9da82ceb06a230a89c9898fac

Could not find tenant id for provided tenant domain '225c5a79-6119-452c-8fc3-e0dfa2ce9212'. Please ensure that the
 provided service principal '05fbf991-9ba3-43e5-9e5b-2e708215bf66' is found in the provided tenant domain.. 
Falling back to DPAPI where available.
Entra: fetched 751 devices; Intune: fetched 472 devices
[Sophos] GET https://api-us01.central.sophos.com/endpoint/v1/endpoints?view=full&pageSize=500
[Sophos] GET https://api-us01.central.sophos.com/endpoint/v1/endpoints?view=full&pageSize=500&pageFromKey=Iltjb20uc29waG9zLmNlc2cuZW5kcG9pbnRzdGF0ZS5tb2RlbC5zZWFyY2hvcHRpb25zLlNvcnRPcHRpb25AMTAxYzJkZTddLXBhZ2U6MSI=
[KACE A] GET https://helpdesk.image.local/api/inventory/machines?paging=limit ALL
DeviceScope_Merged.csv written to: C:\Users\NValentine\device-scope-dashboard-v2\data\DeviceScope_Merged_2025-12-01_032416.csv (presence by AD.Name, Entra.DisplayName, Intune.deviceName, KACE.Name, Sophos.hostname)
SharePoint upload complete: DeviceScope_Merged_2025-12-01_032416.csv
